src/components/Skills.tsx(78,29): error TS2322: Type '{ size: number; style: CSSProperties; }' is not assignable to type 'IntrinsicAttributes & { size?: number | undefined; className?: string | undefined; }'.
  Property 'style' does not exist on type 'IntrinsicAttributes & { size?: number | undefined; className?: string | undefined; }'.
src/components/SocialLinks.tsx(53,33): error TS2322: Type '{ size: number; style: { color: string; }; }' is not assignable to type 'IntrinsicAttributes & { size?: number | undefined; }'.
  Property 'style' does not exist on type 'IntrinsicAttributes & { size?: number | undefined; }'.
src/data/profileData.ts(2,26): error TS2307: Cannot find module '../assets/dada.png.jpeg' or its corresponding type declarations.
